// Vitest Snapshot v1, https://vitest.dev/guide/snapshot.html

exports[`Layout > matches snapshot 1`] = `
<div>
  <header
    class="_header_f3cea2"
  >
    <nav
      class="_nav_f3cea2"
    >
      <ul
        class="_navList_f3cea2"
      >
        <li>
          <a
            class="_navLink_f3cea2"
            data-discover="true"
            href="/"
          >
            Home
          </a>
        </li>
        <li>
          <a
            class="_navLink_f3cea2"
            data-discover="true"
            href="/products"
          >
            Products
          </a>
        </li>
        <li>
          <a
            class="_navLink_f3cea2"
            data-discover="true"
            href="/cart"
          >
            Cart
          </a>
        </li>
      </ul>
    </nav>
  </header>
  <main
    class="_main_f3cea2"
  />
  <footer
    class="_footer_f3cea2"
  >
    <div
      class="_footerContent_f3cea2"
    >
      <div
        class="_footerLinksContainer_f3cea2"
      >
        <a
          href="#"
        >
          About Us
        </a>
        <a
          href="#"
        >
          Contact
        </a>
        <a
          href="#"
        >
          Shipping Policy
        </a>
        <a
          href="#"
        >
          Returns & Refunds
        </a>
      </div>
      <div
        class="_footerSocialsContainer_f3cea2"
      >
        <a
          href="#"
        >
          <img
            alt="Twitter"
            src="/twitter.svg"
          />
        </a>
        <a
          href="#"
        >
          <img
            alt="Instagram"
            src="/instagram.svg"
          />
        </a>
        <a
          href="#"
        >
          <img
            alt="Facebook"
            src="/facebook.svg"
          />
        </a>
      </div>
    </div>
    <p
      class="_copyright_f3cea2"
    >
      © 2025 My Store
    </p>
  </footer>
</div>
`;

exports[`Layout > renders headline 1`] = `
<div>
  <header
    class="_header_f3cea2"
  >
    <nav
      class="_nav_f3cea2"
    >
      <ul
        class="_navList_f3cea2"
      >
        <li>
          <a
            class="_navLink_f3cea2"
            data-discover="true"
            href="/"
          >
            Home
          </a>
        </li>
        <li>
          <a
            class="_navLink_f3cea2"
            data-discover="true"
            href="/products"
          >
            Products
          </a>
        </li>
        <li>
          <a
            class="_navLink_f3cea2"
            data-discover="true"
            href="/cart"
          >
            Cart
          </a>
        </li>
      </ul>
    </nav>
  </header>
  <main
    class="_main_f3cea2"
  />
  <footer
    class="_footer_f3cea2"
  >
    <div
      class="_footerContent_f3cea2"
    >
      <div
        class="_footerLinksContainer_f3cea2"
      >
        <a
          href="#"
        >
          About Us
        </a>
        <a
          href="#"
        >
          Contact
        </a>
        <a
          href="#"
        >
          Shipping Policy
        </a>
        <a
          href="#"
        >
          Returns & Refunds
        </a>
      </div>
      <div
        class="_footerSocialsContainer_f3cea2"
      >
        <a
          href="#"
        >
          <img
            alt="Twitter"
            src="/twitter.svg"
          />
        </a>
        <a
          href="#"
        >
          <img
            alt="Instagram"
            src="/instagram.svg"
          />
        </a>
        <a
          href="#"
        >
          <img
            alt="Facebook"
            src="/facebook.svg"
          />
        </a>
      </div>
    </div>
    <p
      class="_copyright_f3cea2"
    >
      © 2025 My Store
    </p>
  </footer>
</div>
`;

exports[`Layout > renders layout page 1`] = `
<div>
  <header
    class="_header_f3cea2"
  >
    <nav
      class="_nav_f3cea2"
    >
      <ul
        class="_navList_f3cea2"
      >
        <li>
          <a
            class="_navLink_f3cea2"
            data-discover="true"
            href="/"
          >
            Home
          </a>
        </li>
        <li>
          <a
            class="_navLink_f3cea2"
            data-discover="true"
            href="/products"
          >
            Products
          </a>
        </li>
        <li>
          <a
            class="_navLink_f3cea2"
            data-discover="true"
            href="/cart"
          >
            Cart
          </a>
        </li>
      </ul>
    </nav>
  </header>
  <main
    class="_main_f3cea2"
  />
  <footer
    class="_footer_f3cea2"
  >
    <div
      class="_footerContent_f3cea2"
    >
      <div
        class="_footerLinksContainer_f3cea2"
      >
        <a
          href="#"
        >
          About Us
        </a>
        <a
          href="#"
        >
          Contact
        </a>
        <a
          href="#"
        >
          Shipping Policy
        </a>
        <a
          href="#"
        >
          Returns & Refunds
        </a>
      </div>
      <div
        class="_footerSocialsContainer_f3cea2"
      >
        <a
          href="#"
        >
          <img
            alt="Twitter"
            src="/twitter.svg"
          />
        </a>
        <a
          href="#"
        >
          <img
            alt="Instagram"
            src="/instagram.svg"
          />
        </a>
        <a
          href="#"
        >
          <img
            alt="Facebook"
            src="/facebook.svg"
          />
        </a>
      </div>
    </div>
    <p
      class="_copyright_f3cea2"
    >
      © 2025 My Store
    </p>
  </footer>
</div>
`;
